> > > _inc/LZWaterFeatures.asm(175):9: error #1010: symbol undefined
> > > QueueSound2
> > >   bsr.w QueueSound2 ; play sound $B7 (rumbling)
> > >         ~~~~~~~~~~~
> > > _inc/LZWaterFeatures.asm(319):8: error #1010: symbol undefined
> > > QueueSound2
> > >   jsr (QueueSound2).l ; play rushing water sound (only every $40 frames)
> > >        ~~~~~~~~~~~
> > > _inc/LZWaterFeatures.asm(414):10: error #1010: symbol undefined
> > > f_slidemode
> > >   tst.b (f_slidemode).w
> > >          ~~~~~~~~~~~
> > > _inc/LZWaterFeatures.asm(416):13: error #1010: symbol undefined
> > > objoff_3E
> > >   move.w #5,objoff_3E(a1)
> > >             ~~~~~~~~~
> > > _inc/LZWaterFeatures.asm(417):10: error #1010: symbol undefined
> > > f_slidemode
> > >   clr.b (f_slidemode).w
> > >          ~~~~~~~~~~~
> > > _inc/LZWaterFeatures.asm(438):14: error #1010: symbol undefined
> > > f_slidemode
> > >   move.b #1,(f_slidemode).w ; set water slide flag
> > >              ~~~~~~~~~~~
> > > _inc/LZWaterFeatures.asm(443):8: error #1010: symbol undefined
> > > QueueSound2
> > >   jsr (QueueSound2).l ; play water sound
> > >        ~~~~~~~~~~~
> > > S1URP.asm(2488):11: error #1010: symbol undefined
> > > v_collision1
> > >   move.w #v_collision1,(v_collindex).w
> > >           ~~~~~~~~~~~~
> > > S1URP.asm(2491):8: error #1010: symbol undefined
> > > v_collision1
> > >   lea (v_collision1).w,a1
> > >        ~~~~~~~~~~~~
> > > S1URP.asm(2495):8: error #1010: symbol undefined
> > > v_collision2
> > >   lea (v_collision2).w,a1
> > >        ~~~~~~~~~~~~
> > > S1URP.asm(2503):19: error #1010: symbol undefined
> > > Col_GHZ_1
> > > ColPointers: dc.l Col_GHZ_1 ; MJ: each zone now has two entries
> > >                   ~~~~~~~~~
> > > S1URP.asm(2504):8: error #1010: symbol undefined
> > > Col_GHZ_2
> > >   dc.l Col_GHZ_2
> > >        ~~~~~~~~~
> > > S1URP.asm(2505):8: error #1010: symbol undefined
> > > Col_LZ_1
> > >   dc.l Col_LZ_1
> > >        ~~~~~~~~
> > > S1URP.asm(2506):8: error #1010: symbol undefined
> > > Col_LZ_2
> > >   dc.l Col_LZ_2
> > >        ~~~~~~~~
> > > S1URP.asm(2507):8: error #1010: symbol undefined
> > > Col_MZ_1
> > >   dc.l Col_MZ_1
> > >        ~~~~~~~~
> > > S1URP.asm(2508):8: error #1010: symbol undefined
> > > Col_MZ_2
> > >   dc.l Col_MZ_2
> > >        ~~~~~~~~
> > > S1URP.asm(2509):8: error #1010: symbol undefined
> > > Col_SLZ_1
> > >   dc.l Col_SLZ_1
> > >        ~~~~~~~~~
> > > S1URP.asm(2510):8: error #1010: symbol undefined
> > > Col_SLZ_2
> > >   dc.l Col_SLZ_2
> > >        ~~~~~~~~~
> > > S1URP.asm(2511):8: error #1010: symbol undefined
> > > Col_SYZ_1
> > >   dc.l Col_SYZ_1
> > >        ~~~~~~~~~
> > > S1URP.asm(2512):8: error #1010: symbol undefined
> > > Col_SYZ_2
> > >   dc.l Col_SYZ_2
> > >        ~~~~~~~~~
> > > S1URP.asm(2513):8: error #1010: symbol undefined
> > > Col_SBZ_1
> > >   dc.l Col_SBZ_1
> > >        ~~~~~~~~~
> > > S1URP.asm(2514):8: error #1010: symbol undefined
> > > Col_SBZ_2
> > >   dc.l Col_SBZ_2
> > >        ~~~~~~~~~
> > > S1URP.asm(2515) zonewarning(3): warning: Size of ColPointers (0) does not match ZoneCount (6).
> > >                 warning "Size of ColPointers (\{(._end-ColPointers)/8}) does not match ZoneCount (\{ZoneCount})."
> > > S1URP.asm(2890):8: error #1010: symbol undefined
> > > Col_GHZ_1
> > >   lea (Col_GHZ_1).l,a0 ; MJ: Set first collision for ending
> > >        ~~~~~~~~~
> > > S1URP.asm(2891):8: error #1010: symbol undefined
> > > v_collision1
> > >   lea (v_collision1).w,a1
> > >        ~~~~~~~~~~~~
> > > S1URP.asm(2893):8: error #1010: symbol undefined
> > > Col_GHZ_2
> > >   lea (Col_GHZ_2).l,a0 ; MJ: Set second collision for ending
> > >        ~~~~~~~~~
> > > S1URP.asm(2894):8: error #1010: symbol undefined
> > > v_collision2
> > >   lea (v_collision2).w,a1
> > >        ~~~~~~~~~~~~
> > > S1URP.asm(6269):11: error #1010: symbol undefined
> > > v_collision1
> > >   move.w #v_collision1,(v_collindex).w ; MJ: load first collision data location
> > >           ~~~~~~~~~~~~
> > > S1URP.asm(6270):15: error #1010: symbol undefined
> > > v_top_solid_bit
> > >   cmpi.b #$C,(v_top_solid_bit).w  ; MJ: is second collision set to be used?
> > >               ~~~~~~~~~~~~~~~
> > > S1URP.asm(6272):11: error #1010: symbol undefined
> > > v_collision2
> > >   move.w #v_collision2,(v_collindex).w ; MJ: load second collision data location
> > >           ~~~~~~~~~~~~
> > > S1URP.asm(6274):11: error #1010: symbol undefined
> > > v_lrb_solid_bit
> > >   move.b (v_lrb_solid_bit).w,d5  ; MJ: load L/R/B soldity bit
> > >           ~~~~~~~~~~~~~~~
> > > S1URP.asm(6330):11: error #1010: symbol undefined
> > > v_collision1
> > >   move.w #v_collision1,(v_collindex).w ; MJ: load first collision data location
> > >           ~~~~~~~~~~~~
> > > S1URP.asm(6331):15: error #1010: symbol undefined
> > > v_top_solid_bit
> > >   cmpi.b #$C,(v_top_solid_bit).w  ; MJ: is second collision set to be used?
> > >               ~~~~~~~~~~~~~~~
> > > S1URP.asm(6333):11: error #1010: symbol undefined
> > > v_collision2
> > >   move.w #v_collision2,(v_collindex).w ; MJ: load second collision data location
> > >           ~~~~~~~~~~~~
> > > S1URP.asm(6335):11: error #1010: symbol undefined
> > > v_lrb_solid_bit
> > >   move.b (v_lrb_solid_bit).w,d5  ; MJ: load L/R/B soldity bit
> > >           ~~~~~~~~~~~~~~~
> > > S1URP.asm(6357):11: error #1010: symbol undefined
> > > v_collision1
> > >   move.w #v_collision1,(v_collindex).w ; MJ: load first collision data location
> > >           ~~~~~~~~~~~~
> > > S1URP.asm(6358):15: error #1010: symbol undefined
> > > v_top_solid_bit
> > >   cmpi.b #$C,(v_top_solid_bit).w  ; MJ: is second collision set to be used?
> > >               ~~~~~~~~~~~~~~~
> > > S1URP.asm(6360):11: error #1010: symbol undefined
> > > v_collision2
> > >   move.w #v_collision2,(v_collindex).w ; MJ: load second collision data location
> > >           ~~~~~~~~~~~~
> > > S1URP.asm(6362):11: error #1010: symbol undefined
> > > v_top_solid_bit
> > >   move.b (v_top_solid_bit).w,d5  ; MJ: load L/R/B soldity bit
> > >           ~~~~~~~~~~~~~~~
> > > Sonic-2-Clone-Driver-v2/music/Mus81 - GHZ.asm(3) smpsHeaderVoice(5): error #1820: expression must be evaluatable in first pass
> > >         if ((Mus81_GHZ_Voices-songStart >= $8000) || (Mus81_GHZ_Voices-songStart < -$8000))
> > > Sonic-2-Clone-Driver-v2/music/Mus81 - GHZ.asm(3) smpsHeaderVoice(6): error: Voice bank too far away from song
> > >                 fatal "Voice bank too far away from song"
fatal error, assembly terminated
